Archive member included to satisfy reference by file (symbol)

./lib/libivw3_6.a(IvwObj.o)   ./src/voice_wakeup.o (IvwSetParam)
./lib/libivw3_6.a(IvwEngine.o)
                              ./lib/libivw3_6.a(IvwObj.o) (Ivw582A3038F8E94230886E8034F0B5D)
./lib/libivw3_6.a(IvwFront.o)
                              ./lib/libivw3_6.a(IvwEngine.o) (Ivw188A484C5F41443CA65C632DCEB00)
./lib/libivw3_6.a(IvwMiniDecoder.o)
                              ./lib/libivw3_6.a(IvwEngine.o) (Ivw6FF21B97FD10412FA6EDD5A515290)
./lib/libivw3_6.a(IvwMemory.o)
                              ./lib/libivw3_6.a(IvwFront.o) (Ivw6F3AC527286E4ACE8A9D00C043242)
./lib/libivw3_6.a(IvwMath.o)  ./lib/libivw3_6.a(IvwEngine.o) (Ivw0873AEAB2019445EA5D4EBE39BE96)
./lib/libivw3_6.a(IvwFrontConst.o)
                              ./lib/libivw3_6.a(IvwMath.o) (Ivw27E189A73CA101486161704102408A5E3)
./lib/libivw3_6.a(IvwFrontCache.o)
                              ./lib/libivw3_6.a(IvwFront.o) (Ivw22E87D039917F40EF0FA2C2447EEA46CC)

Discarded input sections

 .reginfo       0x0000000000000000       0x18 ./src/start.o
 .reginfo       0x0000000000000000       0x18 ./src/interface.o
 .comment       0x0000000000000000       0x10 ./src/interface.o
 .gnu.attributes
                0x0000000000000000       0x10 ./src/interface.o
 .reginfo       0x0000000000000000       0x18 ./src/dmic_ops.o
 .comment       0x0000000000000000       0x10 ./src/dmic_ops.o
 .gnu.attributes
                0x0000000000000000       0x10 ./src/dmic_ops.o
 .reginfo       0x0000000000000000       0x18 ./src/dma_ops.o
 .comment       0x0000000000000000       0x10 ./src/dma_ops.o
 .gnu.attributes
                0x0000000000000000       0x10 ./src/dma_ops.o
 .reginfo       0x0000000000000000       0x18 ./src/rtc_ops.o
 .comment       0x0000000000000000       0x10 ./src/rtc_ops.o
 .gnu.attributes
                0x0000000000000000       0x10 ./src/rtc_ops.o
 .reginfo       0x0000000000000000       0x18 ./src/jz_dma.o
 .comment       0x0000000000000000       0x10 ./src/jz_dma.o
 .gnu.attributes
                0x0000000000000000       0x10 ./src/jz_dma.o
 .reginfo       0x0000000000000000       0x18 ./src/trigger_value_adjust.o
 .comment       0x0000000000000000       0x10 ./src/trigger_value_adjust.o
 .gnu.attributes
                0x0000000000000000       0x10 ./src/trigger_value_adjust.o
 .reginfo       0x0000000000000000       0x18 ./src/voice_wakeup.o
 .comment       0x0000000000000000       0x10 ./src/voice_wakeup.o
 .gnu.attributes
                0x0000000000000000       0x10 ./src/voice_wakeup.o
 .reginfo       0x0000000000000000       0x18 ./src/tcu_timer.o
 .comment       0x0000000000000000       0x10 ./src/tcu_timer.o
 .gnu.attributes
                0x0000000000000000       0x10 ./src/tcu_timer.o
 .reginfo       0x0000000000000000       0x18 ./lib/libivw3_6.a(IvwObj.o)
 .comment       0x0000000000000000       0x31 ./lib/libivw3_6.a(IvwObj.o)
 .gnu.attributes
                0x0000000000000000       0x10 ./lib/libivw3_6.a(IvwObj.o)
 .reginfo       0x0000000000000000       0x18 ./lib/libivw3_6.a(IvwEngine.o)
 .comment       0x0000000000000000       0x31 ./lib/libivw3_6.a(IvwEngine.o)
 .gnu.attributes
                0x0000000000000000       0x10 ./lib/libivw3_6.a(IvwEngine.o)
 .reginfo       0x0000000000000000       0x18 ./lib/libivw3_6.a(IvwFront.o)
 .comment       0x0000000000000000       0x31 ./lib/libivw3_6.a(IvwFront.o)
 .gnu.attributes
                0x0000000000000000       0x10 ./lib/libivw3_6.a(IvwFront.o)
 .reginfo       0x0000000000000000       0x18 ./lib/libivw3_6.a(IvwMiniDecoder.o)
 .comment       0x0000000000000000       0x31 ./lib/libivw3_6.a(IvwMiniDecoder.o)
 .gnu.attributes
                0x0000000000000000       0x10 ./lib/libivw3_6.a(IvwMiniDecoder.o)
 .reginfo       0x0000000000000000       0x18 ./lib/libivw3_6.a(IvwMemory.o)
 .comment       0x0000000000000000       0x31 ./lib/libivw3_6.a(IvwMemory.o)
 .gnu.attributes
                0x0000000000000000       0x10 ./lib/libivw3_6.a(IvwMemory.o)
 .reginfo       0x0000000000000000       0x18 ./lib/libivw3_6.a(IvwMath.o)
 .comment       0x0000000000000000       0x31 ./lib/libivw3_6.a(IvwMath.o)
 .gnu.attributes
                0x0000000000000000       0x10 ./lib/libivw3_6.a(IvwMath.o)
 .reginfo       0x0000000000000000       0x18 ./lib/libivw3_6.a(IvwFrontConst.o)
 .comment       0x0000000000000000       0x31 ./lib/libivw3_6.a(IvwFrontConst.o)
 .gnu.attributes
                0x0000000000000000       0x10 ./lib/libivw3_6.a(IvwFrontConst.o)
 .reginfo       0x0000000000000000       0x18 ./lib/libivw3_6.a(IvwFrontCache.o)
 .comment       0x0000000000000000       0x31 ./lib/libivw3_6.a(IvwFrontCache.o)
 .gnu.attributes
                0x0000000000000000       0x10 ./lib/libivw3_6.a(IvwFrontCache.o)

Memory Configuration

Name             Origin             Length             Attributes
voice_mem        0x000000008ff00000 0x0000000000028000 rw
voice_res        0x000000008ff28000 0x0000000000018000 rw
*default*        0x0000000000000000 0xffffffffffffffff

Linker script and memory map


.voice_mem      0x000000008ff00000     0x8660
                0x000000008ff00000                . = ALIGN (0x4)
 *(.text)
 .text          0x000000008ff00000       0x40 ./src/start.o
                0x000000008ff00000                start
 .text          0x000000008ff00040      0x830 ./src/interface.o
                0x000000008ff00148                dump_voice_wakeup
                0x000000008ff00218                open
                0x000000008ff00344                handler
                0x000000008ff0055c                close
                0x000000008ff00634                set_handler
                0x000000008ff00644                get_dma_address
                0x000000008ff00654                ioctl
                0x000000008ff0065c                cache_prefetch
                0x000000008ff00684                get_resource_addr
                0x000000008ff006c0                process_data
                0x000000008ff006c8                is_cpu_wakeup_by_dmic
                0x000000008ff00710                set_sleep_buffer
                0x000000008ff00764                get_sleep_process
                0x000000008ff0082c                set_dma_channel
                0x000000008ff00854                voice_wakeup_enable
                0x000000008ff00860                is_voice_wakeup_enabled
 .text          0x000000008ff00870      0xa00 ./src/dmic_ops.o
                0x000000008ff00870                dump_dmic_regs
                0x000000008ff0099c                dump_gpio
                0x000000008ff00a14                dump_cpm_reg
                0x000000008ff00ab4                dmic_clk_config
                0x000000008ff00b74                gpio_as_dmic
                0x000000008ff00be0                dmic_init
                0x000000008ff00c4c                cpu_should_sleep
                0x000000008ff00c84                dmic_init_mode
                0x000000008ff00e68                dmic_enable
                0x000000008ff00e98                dmic_disable_tri
                0x000000008ff00ecc                dmic_disable
                0x000000008ff00ee8                reconfig_thr_value
                0x000000008ff00f7c                dmic_set_samplerate
                0x000000008ff00ff8                dmic_ioctl
                0x000000008ff0102c                dmic_handler
 .text          0x000000008ff01270      0xb90 ./src/dma_ops.o
                0x000000008ff01270                build_circ_descs
                0x000000008ff01358                dump_descs
                0x000000008ff014cc                dump_tcsm
                0x000000008ff0154c                dump_dma_register
                0x000000008ff01bcc                dma_set_channel
                0x000000008ff01c14                dma_config_normal
                0x000000008ff01cdc                dma_config_early_sleep
                0x000000008ff01ddc                dma_close
                0x000000008ff01de8                dma_start
                0x000000008ff01df0                dma_stop
 .text          0x000000008ff01e00      0x710 ./src/rtc_ops.o
                0x000000008ff01f94                rtc_set_alarm
                0x000000008ff01fe8                rtc_init
                0x000000008ff02254                rtc_exit
                0x000000008ff0227c                process_dmic_timer
                0x000000008ff02284                rtc_int_handler
 .text          0x000000008ff02510      0x3c0 ./src/jz_dma.o
                0x000000008ff02510                build_one_desc
                0x000000008ff025ac                pdma_config
                0x000000008ff0275c                pdma_start
                0x000000008ff0278c                pdma_wait
                0x000000008ff02814                pdma_end
                0x000000008ff0283c                pdma_trans_addr
 .text          0x000000008ff028d0       0x30 ./src/trigger_value_adjust.o
                0x000000008ff028d0                quantity_tri
                0x000000008ff028dc                adjust_trigger_value
 .text          0x000000008ff02900      0xa50 ./src/voice_wakeup.o
                0x000000008ff02950                send_data_to_process
                0x000000008ff02c78                wakeup_reset_fifo
                0x000000008ff02c94                wakeup_open
                0x000000008ff02df4                wakeup_close
                0x000000008ff02dfc                get_valid_bytes
                0x000000008ff02e4c                process_nbytes
                0x000000008ff02f7c                process_dma_data_3
                0x000000008ff03044                process_dma_data_2
                0x000000008ff031cc                process_dma_data
                0x000000008ff03308                process_buffer_data
 .text          0x000000008ff03350      0x370 ./src/tcu_timer.o
                0x000000008ff03454                tcu_timer_del
                0x000000008ff03490                ms_to_count
                0x000000008ff034b0                tcu_timer_mod
                0x000000008ff03570                tcu_timer_request
                0x000000008ff03610                tcu_timer_release
                0x000000008ff03680                tcu_timer_handler
 .text          0x000000008ff036c0      0xb10 ./lib/libivw3_6.a(IvwObj.o)
                0x000000008ff036c0                IvwSetParam
                0x000000008ff039b4                IvwRunStep
                0x000000008ff03a28                IvwRunStepEx
                0x000000008ff03ad0                IvwAppendAudioData
                0x000000008ff03b60                IvwReset
                0x000000008ff03bb0                IvwGetVersion
                0x000000008ff03bec                IvwChkNeededSize
                0x000000008ff03db8                IvwCreateEx
                0x000000008ff03f48                IvwCreate
                0x000000008ff040a4                IvwSetThresh
 .text          0x000000008ff041d0      0x7d0 ./lib/libivw3_6.a(IvwEngine.o)
                0x000000008ff041d0                Ivw582A3038F8E94230886E8034F0B5D
                0x000000008ff042c4                Ivw20CE383A817684C9CA7B801E08BCC5E1E
                0x000000008ff042ec                Ivw16E3158F17AD496CB71B7DB0EE820
                0x000000008ff04394                Ivw9B2872550B104C21A43D30AE8F977
                0x000000008ff047ec                Ivw2681C72D235E04AAB07BE4B52CFC2455C
                0x000000008ff0481c                IvwResValidate
                0x000000008ff048c8                IvwInitResidentRAM
 .text          0x000000008ff049a0      0xdc0 ./lib/libivw3_6.a(IvwFront.o)
                0x000000008ff049a0                Ivw6D2E95BD768E495BA5730EC448141
                0x000000008ff049e4                Ivw188A484C5F41443CA65C632DCEB00
                0x000000008ff04a48                Ivw26983DA04861D5FBEA8BC3031B0E4FDA8
                0x000000008ff04adc                Ivw235355BEEBC4D4A84148ADDC67987B9A1
                0x000000008ff04c0c                Ivw2022E43F49DAC4CA0BRB8C778473A7E5E
                0x000000008ff05340                Ivw2837A62AC32B84B58FDAF33ACA28B682D
                0x000000008ff05438                IvwB3380E2D10DD4CF09C6BFF24D6237
                0x000000008ff054d8                Ivw2022E41F49DAC4CF0BCC85778473A7E5F
 .text          0x000000008ff05760     0x24d0 ./lib/libivw3_6.a(IvwMiniDecoder.o)
                0x000000008ff05760                ivwDecodeInitScore
                0x000000008ff059e0                Ivw6FF21B97FD10412FA6EDD5A515290
                0x000000008ff05bb8                Ivw299454EE8C4541DF9A741BB09595E
                0x000000008ff05fa0                Ivw6F3AC527286E4ACE8A6700C043241
                0x000000008ff06168                Ivw6F3AC527286E4ACE8323700C043241
                0x000000008ff062e0                Ivw7AD047857C3441B28BDC3CCC479D7
                0x000000008ff06574                Ivw2D6D5D04A8B9C45A4C98CF08A6D1330A9
                0x000000008ff065e8                Ivw8C99CEA68F55487A896D56F2C578F
                0x000000008ff06b74                IvwDB22C02C987F4A75A7E19AB5D1B29
                0x000000008ff06ccc                Ivw5A9FFFE5F7674764AF1077495118A
                0x000000008ff07270                Ivw49F0CE68AF0346218FB4F4AD8A121
                0x000000008ff07398                Ivw94DD4B42EB7648F29A6F95A1756DC
                0x000000008ff0760c                Ivw021156235A784BA89796335AF580B
                0x000000008ff07a6c                IvwEAFF272FA3D149A1842D98E4CF87E
                0x000000008ff07b6c                IvwCCC1A45DB2A74B96A92DD89E87CAB
 .text          0x000000008ff07c30       0xc0 ./lib/libivw3_6.a(IvwMemory.o)
                0x000000008ff07c30                Ivw6F3AC527286E4ACE8A9D00C043242
                0x000000008ff07c50                Ivw138EB59E9E47409CA505802FBDF80
                0x000000008ff07c78                ivwMemComp
 .text          0x000000008ff07cf0      0x1a0 ./lib/libivw3_6.a(IvwMath.o)
                0x000000008ff07cf0                Ivw2702C1573CA101486161704102408A5E3
                0x000000008ff07d4c                Ivw26983DA03761D4E6EA1BE30A1B0E4FDA8
                0x000000008ff07e30                Ivw0873AEAB2019445EA5D4EBE39BE96
 .text          0x000000008ff07e90        0x0 ./lib/libivw3_6.a(IvwFrontConst.o)
 .text          0x000000008ff07e90      0x7d0 ./lib/libivw3_6.a(IvwFrontCache.o)
                0x000000008ff07e90                Ivw24AFEE9E6B23D4568D38D2304C9C89072
                0x000000008ff08378                Ivw22E87D039917F40EF0FA2C2447EEA46CC

.rodata.str1.4  0x000000008ff08660      0xf18
 .rodata.str1.4
                0x000000008ff08660      0x17e ./src/interface.o
                                        0x180 (size before relaxing)
 *fill*         0x000000008ff087de        0x2 
 .rodata.str1.4
                0x000000008ff087e0      0x295 ./src/dmic_ops.o
                                        0x298 (size before relaxing)
 *fill*         0x000000008ff08a75        0x3 
 .rodata.str1.4
                0x000000008ff08a78      0x650 ./src/dma_ops.o
                                        0x658 (size before relaxing)
 .rodata.str1.4
                0x000000008ff090c8      0x392 ./src/rtc_ops.o
                                        0x394 (size before relaxing)
 *fill*         0x000000008ff0945a        0x2 
 .rodata.str1.4
                0x000000008ff0945c       0x49 ./src/jz_dma.o
                                         0x4c (size before relaxing)
 *fill*         0x000000008ff094a5        0x3 
 .rodata.str1.4
                0x000000008ff094a8       0x5d ./src/voice_wakeup.o
                                         0x60 (size before relaxing)
 *fill*         0x000000008ff09505        0x3 
 .rodata.str1.4
                0x000000008ff09508       0x70 ./src/tcu_timer.o

.rodata         0x000000008ff09580     0x1360
 .rodata        0x000000008ff09580       0x10 ./src/dma_ops.o
 .rodata        0x000000008ff09590       0x20 ./src/rtc_ops.o
 .rodata        0x000000008ff095b0       0x20 ./src/voice_wakeup.o
 .rodata        0x000000008ff095d0       0x30 ./lib/libivw3_6.a(IvwObj.o)
 .rodata        0x000000008ff09600       0x70 ./lib/libivw3_6.a(IvwMiniDecoder.o)
 .rodata        0x000000008ff09670     0x1270 ./lib/libivw3_6.a(IvwFrontConst.o)
                0x000000008ff09670                g_ps16CMNCoefMin
                0x000000008ff0968c                g_ps16CMNCoefMax
                0x000000008ff096a8                g_ps16CMNCoef
                0x000000008ff096c4                Ivw27E189A73CA101486161704102408A5E3
                0x000000008ff09ac4                Ivw283835773CA101486161704102408A5E3
                0x000000008ff09d04                Ivw27F72D573CA101486161704102408A5E3
                0x000000008ff0a024                Ivw28226EA73CA101486161704102408A5E3
                0x000000008ff0a1b4                Ivw2749BA873CA101486161704102408A5E3
                0x000000008ff0a4b4                Ivw275F8CA73CA101486161704102408A5E3

.data           0x000000008ff0a8e0       0x40
 .data          0x000000008ff0a8e0        0x0 ./src/start.o
 .data          0x000000008ff0a8e0       0x10 ./src/interface.o
                0x000000008ff0a8e0                _dma_channel
 .data          0x000000008ff0a8f0        0x0 ./src/dmic_ops.o
 .data          0x000000008ff0a8f0       0x10 ./src/dma_ops.o
                0x000000008ff0a8f0                dma_channel
 .data          0x000000008ff0a900        0x0 ./src/rtc_ops.o
 .data          0x000000008ff0a900        0x0 ./src/jz_dma.o
 .data          0x000000008ff0a900       0x10 ./src/trigger_value_adjust.o
                0x000000008ff0a900                tri_cnt
                0x000000008ff0a908                thr_table
 .data          0x000000008ff0a910        0x0 ./src/voice_wakeup.o
 .data          0x000000008ff0a910       0x10 ./src/tcu_timer.o
 .data          0x000000008ff0a920        0x0 ./lib/libivw3_6.a(IvwObj.o)
 .data          0x000000008ff0a920        0x0 ./lib/libivw3_6.a(IvwEngine.o)
 .data          0x000000008ff0a920        0x0 ./lib/libivw3_6.a(IvwFront.o)
 .data          0x000000008ff0a920        0x0 ./lib/libivw3_6.a(IvwMiniDecoder.o)
 .data          0x000000008ff0a920        0x0 ./lib/libivw3_6.a(IvwMemory.o)
 .data          0x000000008ff0a920        0x0 ./lib/libivw3_6.a(IvwMath.o)
 .data          0x000000008ff0a920        0x0 ./lib/libivw3_6.a(IvwFrontConst.o)
 .data          0x000000008ff0a920        0x0 ./lib/libivw3_6.a(IvwFrontCache.o)

.bss            0x000000008ff0a920     0x5270
 .bss           0x000000008ff0a920        0x0 ./src/start.o
 .bss           0x000000008ff0a920       0x20 ./src/interface.o
                0x000000008ff0a920                g_sleep_buffer
                0x000000008ff0a924                current_mode
                0x000000008ff0a928                open_cnt
                0x000000008ff0a92c                cpu_wakeup_by
                0x000000008ff0a930                h_handler
 .bss           0x000000008ff0a940       0x20 ./src/dmic_ops.o
                0x000000008ff0a940                last_dma_count
                0x000000008ff0a944                dmic_recommend_thr
                0x000000008ff0a948                wakeup_failed_times
                0x000000008ff0a94c                cur_thr_value
                0x000000008ff0a950                dmic_current_state
 .bss           0x000000008ff0a960      0x150 ./src/dma_ops.o
                0x000000008ff0a960                sleep_desc
                0x000000008ff0aa60                desc
                0x000000008ff0aa64                config
                0x000000008ff0aaa8                dst_buf
                0x000000008ff0aaac                src_buf
 .bss           0x000000008ff0aab0       0x30 ./src/rtc_ops.o
 .bss           0x000000008ff0aae0        0x0 ./src/jz_dma.o
 .bss           0x000000008ff0aae0        0x0 ./src/trigger_value_adjust.o
 .bss           0x000000008ff0aae0     0x50a0 ./src/voice_wakeup.o
                0x000000008ff0aae0                rx_fifo
                0x000000008ff0aae0                pResidentRAM
                0x000000008ff0ab00                pIvwObj
                0x000000008ff0ab20                nReisdentBuf
                0x000000008ff0ab60                pIvwObjBuf
                0x000000008ff0fb60                total_process_len
 .bss           0x000000008ff0fb80       0x10 ./src/tcu_timer.o
                0x000000008ff0fb80                save_tcsr
                0x000000008ff0fb84                time
                0x000000008ff0fb88                clk_enabled
 .bss           0x000000008ff0fb90        0x0 ./lib/libivw3_6.a(IvwObj.o)
 .bss           0x000000008ff0fb90        0x0 ./lib/libivw3_6.a(IvwEngine.o)
 .bss           0x000000008ff0fb90        0x0 ./lib/libivw3_6.a(IvwFront.o)
 .bss           0x000000008ff0fb90        0x0 ./lib/libivw3_6.a(IvwMiniDecoder.o)
 .bss           0x000000008ff0fb90        0x0 ./lib/libivw3_6.a(IvwMemory.o)
 .bss           0x000000008ff0fb90        0x0 ./lib/libivw3_6.a(IvwMath.o)
 .bss           0x000000008ff0fb90        0x0 ./lib/libivw3_6.a(IvwFrontConst.o)
 .bss           0x000000008ff0fb90        0x0 ./lib/libivw3_6.a(IvwFrontCache.o)

.voice_res      0x000000008ff28000        0x0
 .voice_res     0x000000008ff28000        0x0 ./src/voice_wakeup.o

/DISCARD/
 *(COMMON)
 *(.pdri)
 *(.comment)
 *(.gnu.attributes)
 *(.reginfo)
LOAD ./src/start.o
LOAD ./src/interface.o
LOAD ./src/dmic_ops.o
LOAD ./src/dma_ops.o
LOAD ./src/rtc_ops.o
LOAD ./src/jz_dma.o
LOAD ./src/trigger_value_adjust.o
LOAD ./src/voice_wakeup.o
LOAD ./src/tcu_timer.o
LOAD ./lib/libivw3_6.a
OUTPUT(./tmp.elf elf32-tradlittlemips)

.pdr            0x0000000000000000      0xfe0
 .pdr           0x0000000000000000        0x0 ./src/start.o
 .pdr           0x0000000000000000      0x260 ./src/interface.o
 .pdr           0x0000000000000260      0x1e0 ./src/dmic_ops.o
 .pdr           0x0000000000000440      0x140 ./src/dma_ops.o
 .pdr           0x0000000000000580      0x100 ./src/rtc_ops.o
 .pdr           0x0000000000000680       0xc0 ./src/jz_dma.o
 .pdr           0x0000000000000740       0x40 ./src/trigger_value_adjust.o
 .pdr           0x0000000000000780      0x160 ./src/voice_wakeup.o
 .pdr           0x00000000000008e0      0x100 ./src/tcu_timer.o
 .pdr           0x00000000000009e0      0x140 ./lib/libivw3_6.a(IvwObj.o)
 .pdr           0x0000000000000b20       0xe0 ./lib/libivw3_6.a(IvwEngine.o)
 .pdr           0x0000000000000c00      0x100 ./lib/libivw3_6.a(IvwFront.o)
 .pdr           0x0000000000000d00      0x1e0 ./lib/libivw3_6.a(IvwMiniDecoder.o)
 .pdr           0x0000000000000ee0       0x60 ./lib/libivw3_6.a(IvwMemory.o)
 .pdr           0x0000000000000f40       0x60 ./lib/libivw3_6.a(IvwMath.o)
 .pdr           0x0000000000000fa0        0x0 ./lib/libivw3_6.a(IvwFrontConst.o)
 .pdr           0x0000000000000fa0       0x40 ./lib/libivw3_6.a(IvwFrontCache.o)

.note.GNU-stack
                0x0000000000000000        0x0
 .note.GNU-stack
                0x0000000000000000        0x0 ./src/start.o
 .note.GNU-stack
                0x0000000000000000        0x0 ./src/interface.o
 .note.GNU-stack
                0x0000000000000000        0x0 ./src/dmic_ops.o
 .note.GNU-stack
                0x0000000000000000        0x0 ./src/dma_ops.o
 .note.GNU-stack
                0x0000000000000000        0x0 ./src/rtc_ops.o
 .note.GNU-stack
                0x0000000000000000        0x0 ./src/jz_dma.o
 .note.GNU-stack
                0x0000000000000000        0x0 ./src/trigger_value_adjust.o
 .note.GNU-stack
                0x0000000000000000        0x0 ./src/voice_wakeup.o
 .note.GNU-stack
                0x0000000000000000        0x0 ./src/tcu_timer.o

.mdebug.abi32   0x0000000000000000        0x0
 .mdebug.abi32  0x0000000000000000        0x0 ./src/interface.o
 .mdebug.abi32  0x0000000000000000        0x0 ./src/dmic_ops.o
 .mdebug.abi32  0x0000000000000000        0x0 ./src/dma_ops.o
 .mdebug.abi32  0x0000000000000000        0x0 ./src/rtc_ops.o
 .mdebug.abi32  0x0000000000000000        0x0 ./src/jz_dma.o
 .mdebug.abi32  0x0000000000000000        0x0 ./src/trigger_value_adjust.o
 .mdebug.abi32  0x0000000000000000        0x0 ./src/voice_wakeup.o
 .mdebug.abi32  0x0000000000000000        0x0 ./src/tcu_timer.o
 .mdebug.abi32  0x0000000000000000        0x0 ./lib/libivw3_6.a(IvwObj.o)
 .mdebug.abi32  0x0000000000000000        0x0 ./lib/libivw3_6.a(IvwEngine.o)
 .mdebug.abi32  0x0000000000000000        0x0 ./lib/libivw3_6.a(IvwFront.o)
 .mdebug.abi32  0x0000000000000000        0x0 ./lib/libivw3_6.a(IvwMiniDecoder.o)
 .mdebug.abi32  0x0000000000000000        0x0 ./lib/libivw3_6.a(IvwMemory.o)
 .mdebug.abi32  0x0000000000000000        0x0 ./lib/libivw3_6.a(IvwMath.o)
 .mdebug.abi32  0x0000000000000000        0x0 ./lib/libivw3_6.a(IvwFrontConst.o)
 .mdebug.abi32  0x0000000000000000        0x0 ./lib/libivw3_6.a(IvwFrontCache.o)
